scons: Reading SConscript files ...
Using Visual Studio 14.5 with Windows SDK 10.0.26100.0.
Building for platform "windows", architecture "x86_64", target "editor".
WARNING: The ANGLE rendering driver requires dependencies to be installed.
You can install them by running `python misc\scripts\install_angle.py`.
See the documentation for more information:
	https://docs.godotengine.org/en/latest/engine_details/development/compiling/compiling_for_windows.html
Alternatively, disable this driver by compiling with `angle=no` explicitly.
scons: done reading SConscript files.
scons: Building targets ...
Generating modules\modules_enabled.gen.h ...
Compiling thirdparty\re-spirv\re-spirv.cpp ...
Generating modules\register_module_types.gen.cpp ...
Compiling drivers\vulkan\rendering_device_driver_vulkan.cpp ...
Compiling drivers\vulkan\rendering_shader_container_vulkan.cpp ...
Compiling drivers\vulkan\vulkan_hooks.cpp ...
Compiling drivers\vulkan\rendering_context_driver_vulkan.cpp ...
Linking Static Library bin\obj\drivers\drivers.windows.editor.double.x86_64.lib ...
Linking Program bin\godot.windows.editor.double.x86_64.exe ...
Linking Program bin\godot.windows.editor.double.x86_64.console.exe ...
scons: done building targets.
INFO: Time elapsed: 00:00:29.56
