Godot Engine v4.8.dev.custom_build.eeed72b42 (2026-09-07 07:43:31 UTC) - https://godotengine.org
Vulkan 1.4.351 - Forward+ - Streamline - Using Device #0: NVIDIA - NVIDIA GeForce RTX 4090
WARNING: Forward Clustered RTXDI surface: shader <inline> uses shading or deformation that the RTXDI material contract cannot represent; affected surfaces render as a magenta diagnostic.
   at: RendererSceneRenderImplementation::SceneShaderForwardClustered::ShaderData::set_code (servers\rendering\renderer_rd\forward_clustered\scene_shader_forward_clustered.cpp:241)
OpTypeForwardPointer is not supported yet.
OpTypeForwardPointer is not supported yet.
OpTypeForwardPointer is not supported yet.
OpTypeForwardPointer is not supported yet.
OpTypeForwardPointer is not supported yet.
OpTypeForwardPointer is not supported yet.

WARNING: Forward Clustered RTXDI surface: shader <inline> uses shading or deformation that the RTXDI material contract cannot represent; affected surfaces render as a magenta diagnostic.
   at: RendererSceneRenderImplementation::SceneShaderForwardClustered::ShaderData::set_code (servers\rendering\renderer_rd\forward_clustered\scene_shader_forward_clustered.cpp:241)
   GDScript backtrace (most recent call first):
       [0] _mesh (res://main.gd:86)
       [1] _box (res://main.gd:103)
       [2] _build_unsupported (res://main.gd:242)
       [3] _ready (res://main.gd:45)
WARNING: Forward Clustered RTXDI surface: shader <inline> uses shading or deformation that the RTXDI material contract cannot represent; affected surfaces render as a magenta diagnostic.
   at: RendererSceneRenderImplementation::SceneShaderForwardClustered::ShaderData::set_code (servers\rendering\renderer_rd\forward_clustered\scene_shader_forward_clustered.cpp:241)
   GDScript backtrace (most recent call first):
       [0] _mesh (res://main.gd:86)
       [1] _box (res://main.gd:103)
       [2] _build_unsupported (res://main.gd:246)
       [3] _ready (res://main.gd:45)
MANUAL_DEMO preset=unsupported light=all binary={ "major": 4, "minor": 8, "patch": 0, "hex": 264192, "status": "dev", "build": "custom_build", "hash": "eeed72b42987b2d29f9e1a99e2dd57cc5ff91172", "timestamp": 1788767011, "string": "4.8-dev (custom_build)" } renderer=forward_plus driver=vulkan size=(1280.0, 720.0)
WARNING: Forward Clustered RTXDI surface: material using shader <inline> cannot be represented consistently by the raster surface and ray-traced material contracts; affected surfaces render as a magenta diagnostic.
   at: RendererSceneRenderImplementation::RenderForwardClustered::_geometry_instance_add_surface_with_material (servers\rendering\renderer_rd\forward_clustered\render_forward_clustered.cpp:3928)
WARNING: Forward Clustered RTXDI surface: material using shader <inline> cannot be represented consistently by the raster surface and ray-traced material contracts; affected surfaces render as a magenta diagnostic.
   at: RendererSceneRenderImplementation::RenderForwardClustered::_geometry_instance_add_surface_with_material (servers\rendering\renderer_rd\forward_clustered\render_forward_clustered.cpp:3928)
WARNING: Forward Clustered RTXDI surface: material using shader <inline> cannot be represented consistently by the raster surface and ray-traced material contracts; affected surfaces render as a magenta diagnostic.
   at: RendererSceneRenderImplementation::RenderForwardClustered::_geometry_instance_add_surface_with_material (servers\rendering\renderer_rd\forward_clustered\render_forward_clustered.cpp:3928)
MANUAL_CAPTURE path=G:/Projects/godot-rtx/docs/research/rtxdi-stage7-evidence/final-unsupported.png result=0 frame=230 gpu_ms=1.3400000333786
MANUAL_MEMORY total=455106928.0 textures=358092288.0 buffers=84068782.0
PROCESS_EXIT=0
