Godot Engine v4.8.dev.custom_build.b01c5849a (2026-09-07 09:37:44 UTC) - https://godotengine.org
Vulkan 1.4.351 - Forward+ - Streamline - Using Device #0: NVIDIA - NVIDIA GeForce RTX 4090
WARNING: Forward Clustered RTXDI surface: shader <inline> uses shading or deformation that the RTXDI material contract cannot represent; affected surfaces render as a magenta diagnostic.
   at: RendererSceneRenderImplementation::SceneShaderForwardClustered::ShaderData::set_code (servers\rendering\renderer_rd\forward_clustered\scene_shader_forward_clustered.cpp:241)
OpTypeForwardPointer is not supported yet.
OpTypeForwardPointer is not supported yet.
OpTypeForwardPointer is not supported yet.
OpTypeForwardPointer is not supported yet.
OpTypeForwardPointer is not supported yet.
OpTypeForwardPointer is not supported yet.

MANUAL_SHADOWS columns=back/front/disabled/double-sided/mirrored/negative-local-MultiMesh rows=up/down mm_threshold=65536
MANUAL_DEMO preset=shadows light=directional binary={ "major": 4, "minor": 8, "patch": 0, "hex": 264192, "status": "dev", "build": "custom_build", "hash": "b01c5849a8d10397be3e977347b0a49f45c90db5", "timestamp": 1788773864, "string": "4.8-dev (custom_build)" } renderer=forward_plus driver=vulkan size=(1280.0, 720.0)
MANUAL_CAPTURE path=C:/Users/lukas/AppData/Local/Temp/godot-shader-unification-rendering/baseline-shadows.png result=0 frame=896 gpu_ms=1.39100003242493
MANUAL_MEMORY total=374515920.0 textures=279158784.0 buffers=83268676.0
File 'C:\ProgramData\NVIDIA/NGX/models/sl_common_0\versions\134656\files\190_E658703.dll' is signed by NVIDIA and the signature was verified.
File 'C:\ProgramData\NVIDIA/NGX/models/sl_pcl_0\versions\134656\files\190_E658703.dll' is signed by NVIDIA and the signature was verified.
File 'C:\ProgramData\NVIDIA/NGX/models/sl_reflex_0\versions\134656\files\190_E658703.dll' is signed by NVIDIA and the signature was verified.
File 'C:\ProgramData\NVIDIA/NGX/models/sl_dlss_g_0\versions\134656\files\190_E658703.dll' is signed by NVIDIA and the signature was verified.
File 'C:\ProgramData\NVIDIA/NGX/models/sl_dlss_0\versions\134656\files\190_E658703.dll' is signed by NVIDIA and the signature was verified.
File 'C:\ProgramData\NVIDIA/NGX/models/sl_dlss_d_0\versions\134656\files\190_E658703.dll' is signed by NVIDIA and the signature was verified.
File 'C:\ProgramData\NVIDIA/NGX/models/sl_nis_0\versions\134656\files\190_E658703.dll' is signed by NVIDIA and the signature was verified.
File 'C:\ProgramData\NVIDIA/NGX/models/sl_pcl_0\versions\134656\files\190_E658703.dll' is signed by NVIDIA and the signature was verified.
File 'C:\ProgramData\NVIDIA/NGX/models/sl_pcl_0\versions\134656\files\190_E658703.dll' is signed by NVIDIA and the signature was verified.
File 'G:\Projects\godot-rtx\bin\/sl.common.dll' is signed by NVIDIA and the signature was verified.
File 'C:\ProgramData\NVIDIA/NGX/models/sl_common_0\versions\134656\files\190_E658703.dll' is signed by NVIDIA and the signature was verified.
File 'G:\Projects\godot-rtx\bin\/sl.deepdvc.dll' is signed by NVIDIA and the signature was verified.
File 'G:\Projects\godot-rtx\bin\/sl.directsr.dll' is signed by NVIDIA and the signature was verified.
File 'G:\Projects\godot-rtx\bin\/sl.dlss.dll' is signed by NVIDIA and the signature was verified.
File 'C:\ProgramData\NVIDIA/NGX/models/sl_dlss_0\versions\134656\files\190_E658703.dll' is signed by NVIDIA and the signature was verified.
File 'G:\Projects\godot-rtx\bin\/sl.dlss_d.dll' is signed by NVIDIA and the signature was verified.
File 'C:\ProgramData\NVIDIA/NGX/models/sl_dlss_d_0\versions\134656\files\190_E658703.dll' is signed by NVIDIA and the signature was verified.
File 'G:\Projects\godot-rtx\bin\/sl.dlss_g.dll' is signed by NVIDIA and the signature was verified.
File 'C:\ProgramData\NVIDIA/NGX/models/sl_dlss_g_0\versions\134656\files\190_E658703.dll' is signed by NVIDIA and the signature was verified.
File 'G:\Projects\godot-rtx\bin\/sl.nis.dll' is signed by NVIDIA and the signature was verified.
File 'C:\ProgramData\NVIDIA/NGX/models/sl_nis_0\versions\134656\files\190_E658703.dll' is signed by NVIDIA and the signature was verified.
File 'G:\Projects\godot-rtx\bin\/sl.nvperf.dll' is signed by NVIDIA and the signature was verified.
File 'G:\Projects\godot-rtx\bin\/sl.pcl.dll' is signed by NVIDIA and the signature was verified.
File 'C:\ProgramData\NVIDIA/NGX/models/sl_pcl_0\versions\134656\files\190_E658703.dll' is signed by NVIDIA and the signature was verified.
File 'G:\Projects\godot-rtx\bin\/sl.reflex.dll' is signed by NVIDIA and the signature was verified.
File 'C:\ProgramData\NVIDIA/NGX/models/sl_reflex_0\versions\134656\files\190_E658703.dll' is signed by NVIDIA and the signature was verified.
