Godot Engine v4.8.dev.custom_build.8956f08ec (2026-09-07 11:35:05 UTC) - https://godotengine.org
Vulkan 1.4.351 - Forward+ - Streamline - Using Device #0: NVIDIA - NVIDIA GeForce RTX 4090
WARNING: Forward Clustered RTXDI surface: shader <inline> uses shading or deformation that the RTXDI material contract cannot represent; affected surfaces render as a magenta diagnostic.
   at: RendererSceneRenderImplementation::SceneShaderForwardClustered::ShaderData::set_code (servers\rendering\renderer_rd\forward_clustered\scene_shader_forward_clustered.cpp:241)
OpTypeForwardPointer is not supported yet.
OpTypeForwardPointer is not supported yet.
OpTypeForwardPointer is not supported yet.
OpTypeForwardPointer is not supported yet.
OpTypeForwardPointer is not supported yet.
OpTypeForwardPointer is not supported yet.

MANUAL_DEMO preset=gallery light=all binary={ "major": 4, "minor": 8, "patch": 0, "hex": 264192, "status": "dev", "build": "custom_build", "hash": "8956f08ec40e229d90dbf7806e589b696c828a61", "timestamp": 1788780905, "string": "4.8-dev (custom_build)" } renderer=forward_plus driver=vulkan size=(1280.0, 720.0)
MANUAL_CAPTURE path=C:/Users/lukas/AppData/Local/Temp/godot-shader-unification-rendering/step1-gallery.png result=0 frame=931 gpu_ms=2.51600003242493
MANUAL_MEMORY total=455279712.0 textures=358057984.0 buffers=84274798.0
File 'C:\ProgramData\NVIDIA/NGX/models/sl_common_0\versions\134656\files\190_E658703.dll' is signed by NVIDIA and the signature was verified.
File 'C:\ProgramData\NVIDIA/NGX/models/sl_pcl_0\versions\134656\files\190_E658703.dll' is signed by NVIDIA and the signature was verified.
File 'C:\ProgramData\NVIDIA/NGX/models/sl_reflex_0\versions\134656\files\190_E658703.dll' is signed by NVIDIA and the signature was verified.
File 'C:\ProgramData\NVIDIA/NGX/models/sl_dlss_g_0\versions\134656\files\190_E658703.dll' is signed by NVIDIA and the signature was verified.
File 'C:\ProgramData\NVIDIA/NGX/models/sl_dlss_0\versions\134656\files\190_E658703.dll' is signed by NVIDIA and the signature was verified.
File 'C:\ProgramData\NVIDIA/NGX/models/sl_dlss_d_0\versions\134656\files\190_E658703.dll' is signed by NVIDIA and the signature was verified.
File 'C:\ProgramData\NVIDIA/NGX/models/sl_nis_0\versions\134656\files\190_E658703.dll' is signed by NVIDIA and the signature was verified.
File 'C:\ProgramData\NVIDIA/NGX/models/sl_pcl_0\versions\134656\files\190_E658703.dll' is signed by NVIDIA and the signature was verified.
File 'C:\ProgramData\NVIDIA/NGX/models/sl_pcl_0\versions\134656\files\190_E658703.dll' is signed by NVIDIA and the signature was verified.
File 'G:\Projects\godot-rtx\bin\/sl.common.dll' is signed by NVIDIA and the signature was verified.
File 'C:\ProgramData\NVIDIA/NGX/models/sl_common_0\versions\134656\files\190_E658703.dll' is signed by NVIDIA and the signature was verified.
File 'G:\Projects\godot-rtx\bin\/sl.deepdvc.dll' is signed by NVIDIA and the signature was verified.
File 'G:\Projects\godot-rtx\bin\/sl.directsr.dll' is signed by NVIDIA and the signature was verified.
File 'G:\Projects\godot-rtx\bin\/sl.dlss.dll' is signed by NVIDIA and the signature was verified.
File 'C:\ProgramData\NVIDIA/NGX/models/sl_dlss_0\versions\134656\files\190_E658703.dll' is signed by NVIDIA and the signature was verified.
File 'G:\Projects\godot-rtx\bin\/sl.dlss_d.dll' is signed by NVIDIA and the signature was verified.
File 'C:\ProgramData\NVIDIA/NGX/models/sl_dlss_d_0\versions\134656\files\190_E658703.dll' is signed by NVIDIA and the signature was verified.
File 'G:\Projects\godot-rtx\bin\/sl.dlss_g.dll' is signed by NVIDIA and the signature was verified.
File 'C:\ProgramData\NVIDIA/NGX/models/sl_dlss_g_0\versions\134656\files\190_E658703.dll' is signed by NVIDIA and the signature was verified.
File 'G:\Projects\godot-rtx\bin\/sl.nis.dll' is signed by NVIDIA and the signature was verified.
File 'C:\ProgramData\NVIDIA/NGX/models/sl_nis_0\versions\134656\files\190_E658703.dll' is signed by NVIDIA and the signature was verified.
File 'G:\Projects\godot-rtx\bin\/sl.nvperf.dll' is signed by NVIDIA and the signature was verified.
File 'G:\Projects\godot-rtx\bin\/sl.pcl.dll' is signed by NVIDIA and the signature was verified.
File 'C:\ProgramData\NVIDIA/NGX/models/sl_pcl_0\versions\134656\files\190_E658703.dll' is signed by NVIDIA and the signature was verified.
File 'G:\Projects\godot-rtx\bin\/sl.reflex.dll' is signed by NVIDIA and the signature was verified.
File 'C:\ProgramData\NVIDIA/NGX/models/sl_reflex_0\versions\134656\files\190_E658703.dll' is signed by NVIDIA and the signature was verified.
